# file opened: DEFEND.asm
   1  0000              ; DEFEND.asm - Z80 source equivalent of gen_defend11.py
   2  0000              ; DEFENDER game engine (Prerelease v0.1) for the Husky Hunter
   3  0000              ; By Kayto April/May 2026
   4  0000              ; Licensed under the MIT License. See LICENSE file for details.
   5  0000              ;
   6  0000              ; Compatible with sjasmplus (Intel-style H-suffix hex).
   7  0000              ; Assemble with base address 0. All internal CALL/JP targets are
   8  0000              ; relative to start. BASIC patches them to real addresses at runtime
   9  0000              ; (patch loop, lines 9-11 of DefDat1.BAS).
  10  0000              ; EXCEPTION: CALL 0005H (CP/M BDOS vector) is NOT patched.
  11  0000              ;
  12  0000              ; MC stored as: DIM MC$(717,1) ; AD=VARPTR(MC$)-1
  13  0000              ;               1435 bytes at AD..AD+1434
  14  0000              ; Called by:   Z=CALL(AD)
  15  0000              ;
  16  0000              ; Param block at F605H (62981) - fixed user code area:
  17  0000              ;   +0         ship_row           current row of ship (0-56)
  18  0000              ;   +1         old_row            previous ship row (for erase)
  19  0000              ;   +2..+9     ship_sprite        8 bytes: 01 07 1F FF FF 1F 07 01
  20  0000              ;   +10,+11    frame_delay        little-endian word (5000 = 1388H)
  21  0000              ;   +12        star1_col          star 1 column (0-29)
  22  0000              ;   +13        star1_row          star 1 row    (0-56)
  23  0000              ;   +14        star2_col          star 2 column
  24  0000              ;   +15        star2_row          star 2 row
  25  0000              ;   +16        star3_col          star 3 column
  26  0000              ;   +17        star3_row          star 3 row
  27  0000              ;   +18        rng_seed           star RNG seed
  28  0000              ;   +19        shot_col           laser bolt column
  29  0000              ;   +20        shot_row           laser bolt row
  30  0000              ;   +21        shot_active        0=none, 1=in flight
  31  0000              ;   +22        enemy1_col         enemy 1 column
  32  0000              ;   +23        enemy1_row         enemy 1 row
  33  0000              ;   +24        enemy1_active      0=waiting, 1=on screen
  34  0000              ;   +25        enemy1_phase       movement phase (0-3 mod)
  35  0000              ;   +26..+33   enemy_sprite       8 bytes (shared): 1C A0 3E F1 F1 3E A0 1C
  36  0000              ;   +34        enemy1_dy          direction: 01=down, FF=up
  37  0000              ;   +35        enemy2_col         enemy 2 column
  38  0000              ;   +36        enemy2_row         enemy 2 row
  39  0000              ;   +37        enemy2_active      0=waiting, 1=on screen
  40  0000              ;   +38        enemy2_phase       movement phase
  41  0000              ;   +39        enemy2_dy          direction: 01=down, FF=up
  42  0000              ;   +40        kill_count         enemies destroyed (score, 0-FF)
  43  0000              ;   +41        wave               0=wave1, 1=wave2 (enemy2 enabled)
  44  0000              ;   +42        lives              lives remaining (0-3)
  45  0000              ;   +43        player_dead        0=alive, 1=dead (set by collision)
  46  0000              ;   +44..+51   heart_sprite       8 bytes: 36 7E 7E 3C 18 10 00 00
  47  0000              ;   +52        event_code         0=none 1=laser 2=explosion 3=death
  48  0000              ;
  49  0000              ;   Total: 53 bytes. Hardware limit: 80 bytes.
  50  0000              ;
  51  0000              ; BDOS entry: 0005H. BASIC uses fn=0BH (key available?), fn=06H (read key).
  52  0000              ;   LD C,0BH ; CALL 0005H ; test A
  53  0000              ;   LD C,06H ; LD E,0FFH  ; CALL 0005H -> A = key char
  54  0000
  55  0000              ; ============================================================
  56  0000              ;  EQUATES
  57  0000              ; ============================================================
  58  0000
  59  0000              PARAM_BASE      EQU     0F605H
  60  0000
  61  0000              ship_row        EQU     PARAM_BASE+0
  62  0000              old_row         EQU     PARAM_BASE+1
  63  0000              ship_sprite     EQU     PARAM_BASE+2
  64  0000              frame_delay     EQU     PARAM_BASE+10
  65  0000              star1_col       EQU     PARAM_BASE+12
  66  0000              star1_row       EQU     PARAM_BASE+13
  67  0000              star2_col       EQU     PARAM_BASE+14
  68  0000              star2_row       EQU     PARAM_BASE+15
  69  0000              star3_col       EQU     PARAM_BASE+16
  70  0000              star3_row       EQU     PARAM_BASE+17
  71  0000              rng_seed        EQU     PARAM_BASE+18
  72  0000              shot_col        EQU     PARAM_BASE+19
  73  0000              shot_row        EQU     PARAM_BASE+20
  74  0000              shot_active     EQU     PARAM_BASE+21
  75  0000              enemy1_col      EQU     PARAM_BASE+22
  76  0000              enemy1_row      EQU     PARAM_BASE+23
  77  0000              enemy1_active   EQU     PARAM_BASE+24
  78  0000              enemy1_phase    EQU     PARAM_BASE+25
  79  0000              enemy_sprite    EQU     PARAM_BASE+26   ; 8 bytes, shared between enemies
  80  0000              enemy1_dy       EQU     PARAM_BASE+34
  81  0000              enemy2_col      EQU     PARAM_BASE+35
  82  0000              enemy2_row      EQU     PARAM_BASE+36
  83  0000              enemy2_active   EQU     PARAM_BASE+37
  84  0000              enemy2_phase    EQU     PARAM_BASE+38
  85  0000              enemy2_dy       EQU     PARAM_BASE+39
  86  0000              kill_count      EQU     PARAM_BASE+40
  87  0000              wave            EQU     PARAM_BASE+41
  88  0000              lives           EQU     PARAM_BASE+42
  89  0000              player_dead     EQU     PARAM_BASE+43
  90  0000              heart_sprite    EQU     PARAM_BASE+44   ; 8 bytes
  91  0000              event_code      EQU     PARAM_BASE+52
  92  0000
  93  0000              SHIP_COL        EQU     2
  94  0000              SHIP_HEIGHT     EQU     8
  95  0000              ENEMY_HEIGHT    EQU     8
  96  0000              SHIP_SPEED      EQU     2
  97  0000              MAX_COL         EQU     29
  98  0000              MAX_ROW         EQU     56
  99  0000              HEART_COL       EQU     0
 100  0000              STAR_BYTE_TOP   EQU     03H
 101  0000              STAR_BYTE_BOT   EQU     01H
 102  0000              SHOT_BYTE_TOP   EQU     3CH
 103  0000              SHOT_BYTE_BOT   EQU     3CH
 104  0000              WAVE2_THRESHOLD EQU     5
 105  0000              KEY_A           EQU     61H
 106  0000              KEY_Z           EQU     7AH
 107  0000              KEY_SPACE       EQU     20H
 108  0000              KEY_ESC         EQU     1BH
 109  0000              BDOS            EQU     0005H
 110  0000              LCD_CMD         EQU     21H
 111  0000              LCD_DATA        EQU     20H
 112  0000
 113  0000              ; ============================================================
 114  0000              ;  ENTRY POINT: draw ship at initial position
 115  0000              ; ============================================================
 116  0000
 117  0000                              ORG     0000H
 118  0000
 119  0000 3A 05 F6                     LD      A,(ship_row)
 120  0003 0E 02                        LD      C,SHIP_COL
 121  0005 CD 58 05                     CALL    calc_vram
 122  0008 21 07 F6                     LD      HL,ship_sprite
 123  000B 06 08                        LD      B,SHIP_HEIGHT
 124  000D CD 3E 05                     CALL    draw_sprite
 125  0010
 126  0010              ; ============================================================
 127  0010              ;  MAIN LOOP
 128  0010              ; ============================================================
 129  0010
 130  0010              main_loop:
 131  0010
 132  0010              ; --- Star 1: erase old position ---
 133  0010              ; A=row, C=col -> calc_vram uses A=row, C=col
 134  0010              ; Load col into B first; row into A; LD C,B copies col into C
 135  0010 3A 11 F6                     LD      A,(star1_col)
 136  0013 47                           LD      B,A
 137  0014 3A 12 F6                     LD      A,(star1_row)
 138  0017 48                           LD      C,B
 139  0018 CD 58 05                     CALL    calc_vram
 140  001B CD 6B 05                     CALL    set_cursor
 141  001E AF                           XOR     A
 142  001F CD 86 05                     CALL    write_byte
 143  0022 CD 50 05                     CALL    next_row
 144  0025 CD 6B 05                     CALL    set_cursor
 145  0028 AF                           XOR     A
 146  0029 CD 86 05                     CALL    write_byte
 147  002C              ; --- Star 1: scroll (move left), wrap at col 0 ---
 148  002C 78                           LD      A,B             ; A = old col (B still holds it)
 149  002D B7                           OR      A               ; test zero
 150  002E 28 03                        JR      Z,s1_wrap
 151  0030 3D                           DEC     A
 152  0031 18 0F                        JR      s1_store
 153  0033              s1_wrap:
 154  0033 3A 17 F6                     LD      A,(rng_seed)
 155  0036 C6 11                        ADD     A,11H
 156  0038 32 17 F6                     LD      (rng_seed),A
 157  003B E6 3E                        AND     3EH
 158  003D 32 12 F6                     LD      (star1_row),A
 159  0040 3E 1D                        LD      A,MAX_COL       ; reset to right edge
 160  0042              s1_store:
 161  0042 32 11 F6                     LD      (star1_col),A
 162  0045 47                           LD      B,A             ; save new col in B
 163  0046              ; --- Star 1: draw at new position ---
 164  0046 3A 12 F6                     LD      A,(star1_row)
 165  0049 48                           LD      C,B
 166  004A CD 58 05                     CALL    calc_vram
 167  004D CD 6B 05                     CALL    set_cursor
 168  0050 3E 03                        LD      A,STAR_BYTE_TOP
 169  0052 CD 86 05                     CALL    write_byte
 170  0055 CD 50 05                     CALL    next_row
 171  0058 CD 6B 05                     CALL    set_cursor
 172  005B 3E 01                        LD      A,STAR_BYTE_BOT
 173  005D CD 86 05                     CALL    write_byte
 174  0060
 175  0060              ; --- Star 2: erase old position ---
 176  0060 3A 13 F6                     LD      A,(star2_col)
 177  0063 47                           LD      B,A
 178  0064 3A 14 F6                     LD      A,(star2_row)
 179  0067 48                           LD      C,B
 180  0068 CD 58 05                     CALL    calc_vram
 181  006B CD 6B 05                     CALL    set_cursor
 182  006E AF                           XOR     A
 183  006F CD 86 05                     CALL    write_byte
 184  0072 CD 50 05                     CALL    next_row
 185  0075 CD 6B 05                     CALL    set_cursor
 186  0078 AF                           XOR     A
 187  0079 CD 86 05                     CALL    write_byte
 188  007C              ; --- Star 2: scroll and wrap ---
 189  007C 78                           LD      A,B
 190  007D B7                           OR      A
 191  007E 28 03                        JR      Z,s2_wrap
 192  0080 3D                           DEC     A
 193  0081 18 0F                        JR      s2_store
 194  0083              s2_wrap:
 195  0083 3A 17 F6                     LD      A,(rng_seed)
 196  0086 C6 11                        ADD     A,11H
 197  0088 32 17 F6                     LD      (rng_seed),A
 198  008B E6 3E                        AND     3EH
 199  008D 32 14 F6                     LD      (star2_row),A
 200  0090 3E 1D                        LD      A,MAX_COL
 201  0092              s2_store:
 202  0092 32 13 F6                     LD      (star2_col),A
 203  0095 47                           LD      B,A
 204  0096              ; --- Star 2: draw at new position ---
 205  0096 3A 14 F6                     LD      A,(star2_row)
 206  0099 48                           LD      C,B
 207  009A CD 58 05                     CALL    calc_vram
 208  009D CD 6B 05                     CALL    set_cursor
 209  00A0 3E 03                        LD      A,STAR_BYTE_TOP
 210  00A2 CD 86 05                     CALL    write_byte
 211  00A5 CD 50 05                     CALL    next_row
 212  00A8 CD 6B 05                     CALL    set_cursor
 213  00AB 3E 01                        LD      A,STAR_BYTE_BOT
 214  00AD CD 86 05                     CALL    write_byte
 215  00B0
 216  00B0              ; --- Star 3: erase old position ---
 217  00B0 3A 15 F6                     LD      A,(star3_col)
 218  00B3 47                           LD      B,A
 219  00B4 3A 16 F6                     LD      A,(star3_row)
 220  00B7 48                           LD      C,B
 221  00B8 CD 58 05                     CALL    calc_vram
 222  00BB CD 6B 05                     CALL    set_cursor
 223  00BE AF                           XOR     A
 224  00BF CD 86 05                     CALL    write_byte
 225  00C2 CD 50 05                     CALL    next_row
 226  00C5 CD 6B 05                     CALL    set_cursor
 227  00C8 AF                           XOR     A
 228  00C9 CD 86 05                     CALL    write_byte
 229  00CC              ; --- Star 3: scroll and wrap ---
 230  00CC 78                           LD      A,B
 231  00CD B7                           OR      A
 232  00CE 28 03                        JR      Z,s3_wrap
 233  00D0 3D                           DEC     A
 234  00D1 18 0F                        JR      s3_store
 235  00D3              s3_wrap:
 236  00D3 3A 17 F6                     LD      A,(rng_seed)
 237  00D6 C6 11                        ADD     A,11H
 238  00D8 32 17 F6                     LD      (rng_seed),A
 239  00DB E6 3E                        AND     3EH
 240  00DD 32 16 F6                     LD      (star3_row),A
 241  00E0 3E 1D                        LD      A,MAX_COL
 242  00E2              s3_store:
 243  00E2 32 15 F6                     LD      (star3_col),A
 244  00E5 47                           LD      B,A
 245  00E6              ; --- Star 3: draw at new position ---
 246  00E6 3A 16 F6                     LD      A,(star3_row)
 247  00E9 48                           LD      C,B
 248  00EA CD 58 05                     CALL    calc_vram
 249  00ED CD 6B 05                     CALL    set_cursor
 250  00F0 3E 03                        LD      A,STAR_BYTE_TOP
 251  00F2 CD 86 05                     CALL    write_byte
 252  00F5 CD 50 05                     CALL    next_row
 253  00F8 CD 6B 05                     CALL    set_cursor
 254  00FB 3E 01                        LD      A,STAR_BYTE_BOT
 255  00FD CD 86 05                     CALL    write_byte
 256  0100
 257  0100              ; --- Heart 0: draw or erase at row 0 (needs lives >= 1) ---
 258  0100 3A 2F F6                     LD      A,(lives)
 259  0103 FE 01                        CP      1
 260  0105 30 0E                        JR      NC,h0_full      ; lives >= 1: draw full
 261  0107 3E 00                        LD      A,0             ; heart_row = 0
 262  0109 0E 00                        LD      C,HEART_COL
 263  010B CD 58 05                     CALL    calc_vram
 264  010E 06 08                        LD      B,8
 265  0110 CD 2F 05                     CALL    erase_rows
 266  0113 18 0F                        JR      h0_done
 267  0115              h0_full:
 268  0115 3E 00                        LD      A,0
 269  0117 0E 00                        LD      C,HEART_COL
 270  0119 CD 58 05                     CALL    calc_vram
 271  011C 21 31 F6                     LD      HL,heart_sprite
 272  011F 06 08                        LD      B,8
 273  0121 CD 3E 05                     CALL    draw_sprite
 274  0124              h0_done:
 275  0124
 276  0124              ; --- Heart 1: draw or erase at row 8 (needs lives >= 2) ---
 277  0124 3A 2F F6                     LD      A,(lives)
 278  0127 FE 02                        CP      2
 279  0129 30 0E                        JR      NC,h1_full
 280  012B 3E 08                        LD      A,8
 281  012D 0E 00                        LD      C,HEART_COL
 282  012F CD 58 05                     CALL    calc_vram
 283  0132 06 08                        LD      B,8
 284  0134 CD 2F 05                     CALL    erase_rows
 285  0137 18 0F                        JR      h1_done
 286  0139              h1_full:
 287  0139 3E 08                        LD      A,8
 288  013B 0E 00                        LD      C,HEART_COL
 289  013D CD 58 05                     CALL    calc_vram
 290  0140 21 31 F6                     LD      HL,heart_sprite
 291  0143 06 08                        LD      B,8
 292  0145 CD 3E 05                     CALL    draw_sprite
 293  0148              h1_done:
 294  0148
 295  0148              ; --- Heart 2: draw or erase at row 16 (needs lives >= 3) ---
 296  0148 3A 2F F6                     LD      A,(lives)
 297  014B FE 03                        CP      3
 298  014D 30 0E                        JR      NC,h2_full
 299  014F 3E 10                        LD      A,16
 300  0151 0E 00                        LD      C,HEART_COL
 301  0153 CD 58 05                     CALL    calc_vram
 302  0156 06 08                        LD      B,8
 303  0158 CD 2F 05                     CALL    erase_rows
 304  015B 18 0F                        JR      h2_done
 305  015D              h2_full:
 306  015D 3E 10                        LD      A,16
 307  015F 0E 00                        LD      C,HEART_COL
 308  0161 CD 58 05                     CALL    calc_vram
 309  0164 21 31 F6                     LD      HL,heart_sprite
 310  0167 06 08                        LD      B,8
 311  0169 CD 3E 05                     CALL    draw_sprite
 312  016C              h2_done:
 313  016C
 314  016C              ; --- Save ship_row -> old_row ---
 315  016C 3A 05 F6                     LD      A,(ship_row)
 316  016F 32 06 F6                     LD      (old_row),A
 317  0172
 318  0172              ; --- Key poll: BDOS fn 0BH (returns A=0xFF if key available) ---
 319  0172 0E 0B                        LD      C,0BH
 320  0174 CD 05 00                     CALL    BDOS
 321  0177 A7                           AND     A               ; test A
 322  0178 28 53                        JR      Z,no_key        ; zero -> no key
 323  017A
 324  017A              ; --- Key read: BDOS fn 06H, E=FFH (read key, no echo) ---
 325  017A 0E 06                        LD      C,06H
 326  017C 1E FF                        LD      E,0FFH
 327  017E CD 05 00                     CALL    BDOS
 328  0181
 329  0181 FE 1B                        CP      KEY_ESC
 330  0183 20 01                        JR      NZ,not_esc
 331  0185 C9                           RET                     ; ESC -> exit to BASIC
 332  0186
 333  0186              not_esc:
 334  0186 F6 20                        OR      KEY_SPACE       ; force bit 5 (lowercase -> uppercase range)
 335  0188 FE 20                        CP      KEY_SPACE
 336  018A 28 24                        JR      Z,fire_shot
 337  018C FE 61                        CP      KEY_A
 338  018E 28 06                        JR      Z,ship_up
 339  0190 FE 7A                        CP      KEY_Z
 340  0192 28 0C                        JR      Z,ship_down
 341  0194 18 37                        JR      no_key
 342  0196
 343  0196              ship_up:
 344  0196 3A 05 F6                     LD      A,(ship_row)
 345  0199 D6 02                        SUB     SHIP_SPEED      ; move up (lower row number)
 346  019B 30 0E                        JR      NC,ship_store
 347  019D AF                           XOR     A               ; clamp to 0
 348  019E 18 0B                        JR      ship_store
 349  01A0
 350  01A0              ship_down:
 351  01A0 3A 05 F6                     LD      A,(ship_row)
 352  01A3 C6 02                        ADD     A,SHIP_SPEED    ; move down (higher row number)
 353  01A5 FE 39                        CP      MAX_ROW+1
 354  01A7 38 02                        JR      C,ship_store
 355  01A9 3E 38                        LD      A,MAX_ROW       ; clamp to MAX_ROW
 356  01AB
 357  01AB              ship_store:
 358  01AB 32 05 F6                     LD      (ship_row),A
 359  01AE 18 1D                        JR      no_key
 360  01B0
 361  01B0              fire_shot:
 362  01B0 3A 1A F6                     LD      A,(shot_active)
 363  01B3 B7                           OR      A
 364  01B4 20 17                        JR      NZ,no_key       ; already a shot in flight
 365  01B6 3E 03                        LD      A,SHIP_COL+1    ; shot starts one column right of ship
 366  01B8 32 18 F6                     LD      (shot_col),A
 367  01BB 3A 05 F6                     LD      A,(ship_row)
 368  01BE C6 03                        ADD     A,3             ; shot vertically centred on ship
 369  01C0 32 19 F6                     LD      (shot_row),A
 370  01C3 3E 01                        LD      A,1
 371  01C5 32 1A F6                     LD      (shot_active),A
 372  01C8                              ; event_code = 1 (laser fired)
 373  01C8 3E 01                        LD      A,1
 374  01CA 32 39 F6                     LD      (event_code),A
 375  01CD
 376  01CD              no_key:
 377  01CD
 378  01CD              ; --- Ship update: erase and redraw only if row changed ---
 379  01CD 3A 06 F6                     LD      A,(old_row)
 380  01D0 47                           LD      B,A             ; B = old_row
 381  01D1 3A 05 F6                     LD      A,(ship_row)
 382  01D4 B8                           CP      B               ; same as before?
 383  01D5 28 1B                        JR      Z,after_ship_move
 384  01D7
 385  01D7 78                           LD      A,B             ; erase at old_row
 386  01D8 0E 02                        LD      C,SHIP_COL
 387  01DA CD 58 05                     CALL    calc_vram
 388  01DD 06 08                        LD      B,SHIP_HEIGHT
 389  01DF CD 2F 05                     CALL    erase_rows
 390  01E2
 391  01E2 3A 05 F6                     LD      A,(ship_row)    ; draw at new row
 392  01E5 0E 02                        LD      C,SHIP_COL
 393  01E7 CD 58 05                     CALL    calc_vram
 394  01EA 21 07 F6                     LD      HL,ship_sprite
 395  01ED 06 08                        LD      B,SHIP_HEIGHT
 396  01EF CD 3E 05                     CALL    draw_sprite
 397  01F2
 398  01F2              after_ship_move:
 399  01F2
 400  01F2              ; --- Projectile update ---
 401  01F2 3A 1A F6                     LD      A,(shot_active)
 402  01F5 B7                           OR      A
 403  01F6 28 48                        JR      Z,skip_shot     ; no shot -> skip
 404  01F8
 405  01F8                              ; erase shot at current position
 406  01F8 3A 18 F6                     LD      A,(shot_col)
 407  01FB 47                           LD      B,A
 408  01FC 3A 19 F6                     LD      A,(shot_row)
 409  01FF 48                           LD      C,B
 410  0200 CD 58 05                     CALL    calc_vram
 411  0203 CD 6B 05                     CALL    set_cursor
 412  0206 AF                           XOR     A
 413  0207 CD 86 05                     CALL    write_byte
 414  020A CD 50 05                     CALL    next_row
 415  020D CD 6B 05                     CALL    set_cursor
 416  0210 AF                           XOR     A
 417  0211 CD 86 05                     CALL    write_byte
 418  0214
 419  0214                              ; advance shot one column right
 420  0214 3A 18 F6                     LD      A,(shot_col)
 421  0217 3C                           INC     A
 422  0218 FE 1E                        CP      MAX_COL+1       ; past right edge?
 423  021A 38 06                        JR      C,shot_store
 424  021C AF                           XOR     A               ; deactivate
 425  021D 32 1A F6                     LD      (shot_active),A
 426  0220 18 1E                        JR      skip_shot
 427  0222
 428  0222              shot_store:
 429  0222 32 18 F6                     LD      (shot_col),A
 430  0225 47                           LD      B,A             ; B = new col
 431  0226
 432  0226                              ; draw shot at new position
 433  0226 3A 19 F6                     LD      A,(shot_row)
 434  0229 48                           LD      C,B
 435  022A CD 58 05                     CALL    calc_vram
 436  022D CD 6B 05                     CALL    set_cursor
 437  0230 3E 3C                        LD      A,SHOT_BYTE_TOP
 438  0232 CD 86 05                     CALL    write_byte
 439  0235 CD 50 05                     CALL    next_row
 440  0238 CD 6B 05                     CALL    set_cursor
 441  023B 3E 3C                        LD      A,SHOT_BYTE_BOT
 442  023D CD 86 05                     CALL    write_byte
 443  0240
 444  0240              skip_shot:
 445  0240
 446  0240              ; ============================================================
 447  0240              ;  COLLISION CHECK: shot vs enemy 1
 448  0240              ; ============================================================
 449  0240 3A 1A F6                     LD      A,(shot_active)
 450  0243 B7                           OR      A
 451  0244 28 5D                        JR      Z,try_e2_coll   ; no shot -> try enemy2
 452  0246
 453  0246 3A 1D F6                     LD      A,(enemy1_active)
 454  0249 B7                           OR      A
 455  024A 28 57                        JR      Z,try_e2_coll   ; enemy1 not active
 456  024C
 457  024C                              ; same column?
 458  024C 3A 18 F6                     LD      A,(shot_col)
 459  024F 47                           LD      B,A
 460  0250 3A 1B F6                     LD      A,(enemy1_col)
 461  0253 B8                           CP      B
 462  0254 20 4D                        JR      NZ,try_e2_coll
 463  0256
 464  0256                              ; row overlap? shot_row - enemy1_row < 8
 465  0256 3A 19 F6                     LD      A,(shot_row)
 466  0259 47                           LD      B,A
 467  025A 3A 1C F6                     LD      A,(enemy1_row)
 468  025D 4F                           LD      C,A
 469  025E 78                           LD      A,B             ; A = shot_row
 470  025F 91                           SUB     C               ; A = shot_row - enemy1_row (carry = enemy above)
 471  0260 FE 08                        CP      8               ; if >= 8 (or wrapped), not a hit
 472  0262 30 3F                        JR      NC,try_e2_coll  ; miss
 473  0264
 474  0264                              ; --- HIT enemy 1: erase shot ---
 475  0264 3A 18 F6                     LD      A,(shot_col)
 476  0267 47                           LD      B,A
 477  0268 3A 19 F6                     LD      A,(shot_row)
 478  026B 48                           LD      C,B
 479  026C CD 58 05                     CALL    calc_vram
 480  026F CD 6B 05                     CALL    set_cursor
 481  0272 AF                           XOR     A
 482  0273 CD 86 05                     CALL    write_byte
 483  0276 CD 50 05                     CALL    next_row
 484  0279 CD 6B 05                     CALL    set_cursor
 485  027C AF                           XOR     A
 486  027D CD 86 05                     CALL    write_byte
 487  0280 AF                           XOR     A
 488  0281 32 1A F6                     LD      (shot_active),A
 489  0284
 490  0284                              ; erase and deactivate enemy1
 491  0284 3A 1B F6                     LD      A,(enemy1_col)
 492  0287 47                           LD      B,A
 493  0288 3A 1C F6                     LD      A,(enemy1_row)
 494  028B 48                           LD      C,B
 495  028C CD 58 05                     CALL    calc_vram
 496  028F 06 08                        LD      B,ENEMY_HEIGHT
 497  0291 CD 2F 05                     CALL    erase_rows
 498  0294 AF                           XOR     A
 499  0295 32 1D F6                     LD      (enemy1_active),A
 500  0298
 501  0298 CD 1F 05                     CALL    hit_count_up
 502  029B 3E 02                        LD      A,2
 503  029D 32 39 F6                     LD      (event_code),A
 504  02A0 C3 5D 04                     JP      after_enemy1
 505  02A3
 506  02A3              ; ============================================================
 507  02A3              ;  COLLISION CHECK: shot vs enemy 2
 508  02A3              ; ============================================================
 509  02A3              try_e2_coll:
 510  02A3 3A 1A F6                     LD      A,(shot_active)
 511  02A6 B7                           OR      A
 512  02A7 28 5D                        JR      Z,no_collision
 513  02A9
 514  02A9 3A 2A F6                     LD      A,(enemy2_active)
 515  02AC B7                           OR      A
 516  02AD 28 57                        JR      Z,no_collision
 517  02AF
 518  02AF                              ; same column?
 519  02AF 3A 18 F6                     LD      A,(shot_col)
 520  02B2 47                           LD      B,A
 521  02B3 3A 28 F6                     LD      A,(enemy2_col)
 522  02B6 B8                           CP      B
 523  02B7 20 4D                        JR      NZ,no_collision
 524  02B9
 525  02B9                              ; row overlap?
 526  02B9 3A 19 F6                     LD      A,(shot_row)
 527  02BC 47                           LD      B,A
 528  02BD 3A 29 F6                     LD      A,(enemy2_row)
 529  02C0 4F                           LD      C,A
 530  02C1 78                           LD      A,B
 531  02C2 91                           SUB     C               ; shot_row - enemy2_row
 532  02C3 FE 08                        CP      8
 533  02C5 30 3F                        JR      NC,no_collision
 534  02C7
 535  02C7                              ; --- HIT enemy 2: erase shot ---
 536  02C7 3A 18 F6                     LD      A,(shot_col)
 537  02CA 47                           LD      B,A
 538  02CB 3A 19 F6                     LD      A,(shot_row)
 539  02CE 48                           LD      C,B
 540  02CF CD 58 05                     CALL    calc_vram
 541  02D2 CD 6B 05                     CALL    set_cursor
 542  02D5 AF                           XOR     A
 543  02D6 CD 86 05                     CALL    write_byte
 544  02D9 CD 50 05                     CALL    next_row
 545  02DC CD 6B 05                     CALL    set_cursor
 546  02DF AF                           XOR     A
 547  02E0 CD 86 05                     CALL    write_byte
 548  02E3 AF                           XOR     A
 549  02E4 32 1A F6                     LD      (shot_active),A
 550  02E7
 551  02E7                              ; erase and deactivate enemy2
 552  02E7 3A 28 F6                     LD      A,(enemy2_col)
 553  02EA 47                           LD      B,A
 554  02EB 3A 29 F6                     LD      A,(enemy2_row)
 555  02EE 48                           LD      C,B
 556  02EF CD 58 05                     CALL    calc_vram
 557  02F2 06 08                        LD      B,ENEMY_HEIGHT
 558  02F4 CD 2F 05                     CALL    erase_rows
 559  02F7 AF                           XOR     A
 560  02F8 32 2A F6                     LD      (enemy2_active),A
 561  02FB
 562  02FB CD 1F 05                     CALL    hit_count_up
 563  02FE 3E 02                        LD      A,2
 564  0300 32 39 F6                     LD      (event_code),A
 565  0303 C3 0F 05                     JP      after_enemy2
 566  0306
 567  0306              ; ============================================================
 568  0306              ;  NO SHOT COLLISION: redraw ship, check ship/enemy collisions
 569  0306              ; ============================================================
 570  0306              no_collision:
 571  0306 3A 05 F6                     LD      A,(ship_row)
 572  0309 0E 02                        LD      C,SHIP_COL
 573  030B CD 58 05                     CALL    calc_vram
 574  030E 21 07 F6                     LD      HL,ship_sprite
 575  0311 06 08                        LD      B,SHIP_HEIGHT
 576  0313 CD 3E 05                     CALL    draw_sprite
 577  0316
 578  0316              ; --- Ship/Enemy 1 collision ---
 579  0316 3A 1D F6                     LD      A,(enemy1_active)
 580  0319 B7                           OR      A
 581  031A 28 48                        JR      Z,se1_miss      ; enemy1 not active
 582  031C
 583  031C 3A 1B F6                     LD      A,(enemy1_col)
 584  031F FE 02                        CP      SHIP_COL
 585  0321 20 41                        JR      NZ,se1_miss     ; not same column
 586  0323
 587  0323 3A 05 F6                     LD      A,(ship_row)
 588  0326 47                           LD      B,A             ; B = ship_row
 589  0327 3A 1C F6                     LD      A,(enemy1_row)
 590  032A 4F                           LD      C,A             ; C = enemy1_row
 591  032B 78                           LD      A,B             ; A = ship_row
 592  032C 91                           SUB     C               ; A = ship_row - enemy1_row
 593  032D 38 06                        JR      C,se1_chk2      ; enemy above ship
 594  032F FE 08                        CP      8
 595  0331 30 31                        JR      NC,se1_miss     ; no overlap (gap >= 8)
 596  0333 18 06                        JR      se1_hit
 597  0335
 598  0335              se1_chk2:       ; enemy1_row > ship_row
 599  0335 79                           LD      A,C             ; A = enemy1_row
 600  0336 90                           SUB     B               ; A = enemy1_row - ship_row
 601  0337 FE 08                        CP      8
 602  0339 30 29                        JR      NC,se1_miss
 603  033B
 604  033B              se1_hit:
 605  033B                              ; erase ship
 606  033B 3A 05 F6                     LD      A,(ship_row)
 607  033E 0E 02                        LD      C,SHIP_COL
 608  0340 CD 58 05                     CALL    calc_vram
 609  0343 06 08                        LD      B,SHIP_HEIGHT
 610  0345 CD 2F 05                     CALL    erase_rows
 611  0348                              ; erase enemy1
 612  0348 3A 1C F6                     LD      A,(enemy1_row)
 613  034B 0E 02                        LD      C,SHIP_COL
 614  034D CD 58 05                     CALL    calc_vram
 615  0350 06 08                        LD      B,ENEMY_HEIGHT
 616  0352 CD 2F 05                     CALL    erase_rows
 617  0355 AF                           XOR     A
 618  0356 32 1D F6                     LD      (enemy1_active),A
 619  0359 3E 01                        LD      A,1
 620  035B 32 30 F6                     LD      (player_dead),A
 621  035E 3E 03                        LD      A,3
 622  0360 32 39 F6                     LD      (event_code),A
 623  0363 C9                           RET                     ; return immediately to BASIC
 624  0364
 625  0364              se1_miss:
 626  0364
 627  0364              ; --- Ship/Enemy 2 collision ---
 628  0364 3A 2A F6                     LD      A,(enemy2_active)
 629  0367 B7                           OR      A
 630  0368 28 48                        JR      Z,se2_miss
 631  036A
 632  036A 3A 28 F6                     LD      A,(enemy2_col)
 633  036D FE 02                        CP      SHIP_COL
 634  036F 20 41                        JR      NZ,se2_miss
 635  0371
 636  0371 3A 05 F6                     LD      A,(ship_row)
 637  0374 47                           LD      B,A
 638  0375 3A 29 F6                     LD      A,(enemy2_row)
 639  0378 4F                           LD      C,A
 640  0379 78                           LD      A,B
 641  037A 91                           SUB     C
 642  037B 38 06                        JR      C,se2_chk2
 643  037D FE 08                        CP      8
 644  037F 30 31                        JR      NC,se2_miss
 645  0381 18 06                        JR      se2_hit
 646  0383
 647  0383              se2_chk2:
 648  0383 79                           LD      A,C
 649  0384 90                           SUB     B
 650  0385 FE 08                        CP      8
 651  0387 30 29                        JR      NC,se2_miss
 652  0389
 653  0389              se2_hit:
 654  0389 3A 05 F6                     LD      A,(ship_row)
 655  038C 0E 02                        LD      C,SHIP_COL
 656  038E CD 58 05                     CALL    calc_vram
 657  0391 06 08                        LD      B,SHIP_HEIGHT
 658  0393 CD 2F 05                     CALL    erase_rows
 659  0396 3A 29 F6                     LD      A,(enemy2_row)
 660  0399 0E 02                        LD      C,SHIP_COL
 661  039B CD 58 05                     CALL    calc_vram
 662  039E 06 08                        LD      B,ENEMY_HEIGHT
 663  03A0 CD 2F 05                     CALL    erase_rows
 664  03A3 AF                           XOR     A
 665  03A4 32 2A F6                     LD      (enemy2_active),A
 666  03A7 3E 01                        LD      A,1
 667  03A9 32 30 F6                     LD      (player_dead),A
 668  03AC 3E 03                        LD      A,3
 669  03AE 32 39 F6                     LD      (event_code),A
 670  03B1 C9                           RET
 671  03B2
 672  03B2              se2_miss:
 673  03B2
 674  03B2              ; ============================================================
 675  03B2              ;  ENEMY 1 UPDATE
 676  03B2              ; ============================================================
 677  03B2 3A 1D F6                     LD      A,(enemy1_active)
 678  03B5 B7                           OR      A
 679  03B6 28 64                        JR      Z,enemy1_spawn  ; not active -> spawn
 680  03B8
 681  03B8                              ; --- Move: erase at current position ---
 682  03B8 3A 1B F6                     LD      A,(enemy1_col)
 683  03BB 47                           LD      B,A
 684  03BC 3A 1C F6                     LD      A,(enemy1_row)
 685  03BF 48                           LD      C,B
 686  03C0 CD 58 05                     CALL    calc_vram
 687  03C3 06 08                        LD      B,ENEMY_HEIGHT
 688  03C5 CD 2F 05                     CALL    erase_rows
 689  03C8
 690  03C8                              ; --- Phase counter: only move every 4th frame ---
 691  03C8 3A 1E F6                     LD      A,(enemy1_phase)
 692  03CB 3C                           INC     A
 693  03CC E6 03                        AND     03H
 694  03CE 32 1E F6                     LD      (enemy1_phase),A
 695  03D1 B7                           OR      A
 696  03D2 20 76                        JR      NZ,enemy1_draw  ; phase != 0: redraw without moving
 697  03D4
 698  03D4                              ; --- Horizontal: move left ---
 699  03D4 3A 1B F6                     LD      A,(enemy1_col)
 700  03D7 B7                           OR      A
 701  03D8 28 3C                        JR      Z,enemy1_deact  ; reached left edge -> deactivate
 702  03DA 3D                           DEC     A
 703  03DB 32 1B F6                     LD      (enemy1_col),A
 704  03DE
 705  03DE                              ; --- Vertical: check direction ---
 706  03DE 3A 27 F6                     LD      A,(enemy1_dy)
 707  03E1 FE 01                        CP      01H
 708  03E3 28 0C                        JR      Z,e1_down       ; dy=1 -> move down
 709  03E5
 710  03E5                              ; --- Moving up ---
 711  03E5 3A 1C F6                     LD      A,(enemy1_row)
 712  03E8 B7                           OR      A
 713  03E9 28 13                        JR      Z,e1_bnc_dn     ; at top -> bounce down
 714  03EB 3D                           DEC     A
 715  03EC 32 1C F6                     LD      (enemy1_row),A
 716  03EF 18 59                        JR      enemy1_draw
 717  03F1
 718  03F1              e1_down:
 719  03F1 3A 1C F6                     LD      A,(enemy1_row)
 720  03F4 FE 38                        CP      MAX_ROW
 721  03F6 28 12                        JR      Z,e1_bnc_up     ; at bottom -> bounce up
 722  03F8 3C                           INC     A
 723  03F9 32 1C F6                     LD      (enemy1_row),A
 724  03FC 18 4C                        JR      enemy1_draw
 725  03FE
 726  03FE              e1_bnc_dn:
 727  03FE 3E 01                        LD      A,1
 728  0400 32 1C F6                     LD      (enemy1_row),A
 729  0403 3E 01                        LD      A,1
 730  0405 32 27 F6                     LD      (enemy1_dy),A
 731  0408 18 40                        JR      enemy1_draw
 732  040A
 733  040A              e1_bnc_up:
 734  040A 3E 37                        LD      A,MAX_ROW-1
 735  040C 32 1C F6                     LD      (enemy1_row),A
 736  040F 3E FF                        LD      A,0FFH
 737  0411 32 27 F6                     LD      (enemy1_dy),A
 738  0414 18 34                        JR      enemy1_draw
 739  0416
 740  0416              enemy1_deact:
 741  0416 AF                           XOR     A
 742  0417 32 1D F6                     LD      (enemy1_active),A
 743  041A 18 41                        JR      after_enemy1
 744  041C
 745  041C              enemy1_spawn:
 746  041C                              ; Pseudo-random spawn: seed += 23, mask to 0-56 range
 747  041C 3A 17 F6                     LD      A,(rng_seed)
 748  041F C6 17                        ADD     A,17H
 749  0421 32 17 F6                     LD      (rng_seed),A
 750  0424 E6 38                        AND     38H             ; 0, 8, 16, 24, 32, 40, 48, 56
 751  0426 32 1C F6                     LD      (enemy1_row),A
 752  0429 3E 1D                        LD      A,MAX_COL
 753  042B 32 1B F6                     LD      (enemy1_col),A
 754  042E 3E 01                        LD      A,1
 755  0430 32 1D F6                     LD      (enemy1_active),A
 756  0433 AF                           XOR     A
 757  0434 32 1E F6                     LD      (enemy1_phase),A
 758  0437                              ; set initial direction from seed bit 0
 759  0437 3A 17 F6                     LD      A,(rng_seed)
 760  043A E6 01                        AND     01H
 761  043C 28 07                        JR      Z,e1_spwn_up
 762  043E 3E 01                        LD      A,1
 763  0440 32 27 F6                     LD      (enemy1_dy),A
 764  0443 18 05                        JR      enemy1_draw
 765  0445              e1_spwn_up:
 766  0445 3E FF                        LD      A,0FFH
 767  0447 32 27 F6                     LD      (enemy1_dy),A
 768  044A
 769  044A              enemy1_draw:
 770  044A 3A 1B F6                     LD      A,(enemy1_col)
 771  044D 47                           LD      B,A
 772  044E 3A 1C F6                     LD      A,(enemy1_row)
 773  0451 48                           LD      C,B
 774  0452 CD 58 05                     CALL    calc_vram
 775  0455 21 1F F6                     LD      HL,enemy_sprite
 776  0458 06 08                        LD      B,ENEMY_HEIGHT
 777  045A CD 3E 05                     CALL    draw_sprite
 778  045D
 779  045D              after_enemy1:
 780  045D
 781  045D              ; ============================================================
 782  045D              ;  ENEMY 2 UPDATE (wave guard: only when wave=1)
 783  045D              ; ============================================================
 784  045D 3A 2E F6                     LD      A,(wave)
 785  0460 B7                           OR      A
 786  0461 CA 0F 05                     JP      Z,after_enemy2  ; wave=0 -> skip enemy2
 787  0464
 788  0464 3A 2A F6                     LD      A,(enemy2_active)
 789  0467 B7                           OR      A
 790  0468 28 64                        JR      Z,enemy2_spawn
 791  046A
 792  046A                              ; --- Erase at current position ---
 793  046A 3A 28 F6                     LD      A,(enemy2_col)
 794  046D 47                           LD      B,A
 795  046E 3A 29 F6                     LD      A,(enemy2_row)
 796  0471 48                           LD      C,B
 797  0472 CD 58 05                     CALL    calc_vram
 798  0475 06 08                        LD      B,ENEMY_HEIGHT
 799  0477 CD 2F 05                     CALL    erase_rows
 800  047A
 801  047A                              ; --- Phase counter ---
 802  047A 3A 2B F6                     LD      A,(enemy2_phase)
 803  047D 3C                           INC     A
 804  047E E6 03                        AND     03H
 805  0480 32 2B F6                     LD      (enemy2_phase),A
 806  0483 B7                           OR      A
 807  0484 20 76                        JR      NZ,enemy2_draw
 808  0486
 809  0486                              ; --- Horizontal move left ---
 810  0486 3A 28 F6                     LD      A,(enemy2_col)
 811  0489 B7                           OR      A
 812  048A 28 3C                        JR      Z,enemy2_deact
 813  048C 3D                           DEC     A
 814  048D 32 28 F6                     LD      (enemy2_col),A
 815  0490
 816  0490                              ; --- Vertical: check direction ---
 817  0490 3A 2C F6                     LD      A,(enemy2_dy)
 818  0493 FE 01                        CP      01H
 819  0495 28 0C                        JR      Z,e2_down
 820  0497
 821  0497                              ; --- Moving up ---
 822  0497 3A 29 F6                     LD      A,(enemy2_row)
 823  049A B7                           OR      A
 824  049B 28 13                        JR      Z,e2_bnc_dn
 825  049D 3D                           DEC     A
 826  049E 32 29 F6                     LD      (enemy2_row),A
 827  04A1 18 59                        JR      enemy2_draw
 828  04A3
 829  04A3              e2_down:
 830  04A3 3A 29 F6                     LD      A,(enemy2_row)
 831  04A6 FE 38                        CP      MAX_ROW
 832  04A8 28 12                        JR      Z,e2_bnc_up
 833  04AA 3C                           INC     A
 834  04AB 32 29 F6                     LD      (enemy2_row),A
 835  04AE 18 4C                        JR      enemy2_draw
 836  04B0
 837  04B0              e2_bnc_dn:
 838  04B0 3E 01                        LD      A,1
 839  04B2 32 29 F6                     LD      (enemy2_row),A
 840  04B5 3E 01                        LD      A,1
 841  04B7 32 2C F6                     LD      (enemy2_dy),A
 842  04BA 18 40                        JR      enemy2_draw
 843  04BC
 844  04BC              e2_bnc_up:
 845  04BC 3E 37                        LD      A,MAX_ROW-1
 846  04BE 32 29 F6                     LD      (enemy2_row),A
 847  04C1 3E FF                        LD      A,0FFH
 848  04C3 32 2C F6                     LD      (enemy2_dy),A
 849  04C6 18 34                        JR      enemy2_draw
 850  04C8
 851  04C8              enemy2_deact:
 852  04C8 AF                           XOR     A
 853  04C9 32 2A F6                     LD      (enemy2_active),A
 854  04CC 18 41                        JR      after_enemy2
 855  04CE
 856  04CE              enemy2_spawn:
 857  04CE                              ; seed += 29
 858  04CE 3A 17 F6                     LD      A,(rng_seed)
 859  04D1 C6 1D                        ADD     A,1DH
 860  04D3 32 17 F6                     LD      (rng_seed),A
 861  04D6 E6 38                        AND     38H
 862  04D8 32 29 F6                     LD      (enemy2_row),A
 863  04DB 3E 19                        LD      A,MAX_COL-4     ; spawn offset from enemy1
 864  04DD 32 28 F6                     LD      (enemy2_col),A
 865  04E0 3E 01                        LD      A,1
 866  04E2 32 2A F6                     LD      (enemy2_active),A
 867  04E5 AF                           XOR     A
 868  04E6 32 2B F6                     LD      (enemy2_phase),A
 869  04E9 3A 17 F6                     LD      A,(rng_seed)
 870  04EC E6 01                        AND     01H
 871  04EE 28 07                        JR      Z,e2_spwn_up
 872  04F0 3E 01                        LD      A,1
 873  04F2 32 2C F6                     LD      (enemy2_dy),A
 874  04F5 18 05                        JR      enemy2_draw
 875  04F7              e2_spwn_up:
 876  04F7 3E FF                        LD      A,0FFH
 877  04F9 32 2C F6                     LD      (enemy2_dy),A
 878  04FC
 879  04FC              enemy2_draw:
 880  04FC 3A 28 F6                     LD      A,(enemy2_col)
 881  04FF 47                           LD      B,A
 882  0500 3A 29 F6                     LD      A,(enemy2_row)
 883  0503 48                           LD      C,B
 884  0504 CD 58 05                     CALL    calc_vram
 885  0507 21 1F F6                     LD      HL,enemy_sprite
 886  050A 06 08                        LD      B,ENEMY_HEIGHT
 887  050C CD 3E 05                     CALL    draw_sprite
 888  050F
 889  050F              after_enemy2:
 890  050F
 891  050F              ; --- Frame delay: LD HL,(frame_delay); loop DEC HL until zero ---
 892  050F 2A 0F F6                     LD      HL,(frame_delay)
 893  0512              delay_loop:
 894  0512 2B                           DEC     HL
 895  0513 7C                           LD      A,H
 896  0514 B5                           OR      L
 897  0515 20 FB                        JR      NZ,delay_loop
 898  0517
 899  0517              ; --- End of frame: if event_code != 0, RET to BASIC for sound ---
 900  0517 3A 39 F6                     LD      A,(event_code)
 901  051A B7                           OR      A
 902  051B C0                           RET     NZ              ; BASIC dispatches on EV code
 903  051C
 904  051C C3 10 00                     JP      main_loop
 905  051F
 906  051F              ; ============================================================
 907  051F              ;  SUBROUTINES
 908  051F              ; ============================================================
 909  051F
 910  051F              ; hit_count_up: increment kill_count; if >= WAVE2_THRESHOLD set wave=1
 911  051F              hit_count_up:
 912  051F 3A 2D F6                     LD      A,(kill_count)
 913  0522 3C                           INC     A
 914  0523 32 2D F6                     LD      (kill_count),A
 915  0526 FE 05                        CP      WAVE2_THRESHOLD
 916  0528 D8                           RET     C               ; < threshold: return
 917  0529 3E 01                        LD      A,1
 918  052B 32 2E F6                     LD      (wave),A
 919  052E C9                           RET
 920  052F
 921  052F              ; erase_rows: erase B rows starting at VRAM address in HL
 922  052F              ; Preserves B count via PUSH/POP BC.
 923  052F              ; On entry: HL=start VRAM addr, B=row count
 924  052F              erase_rows:
 925  052F C5                           PUSH    BC
 926  0530 CD 6B 05                     CALL    set_cursor
 927  0533 AF                           XOR     A
 928  0534 CD 86 05                     CALL    write_byte
 929  0537 CD 50 05                     CALL    next_row
 930  053A C1                           POP     BC
 931  053B 10 F2                        DJNZ    erase_rows
 932  053D C9                           RET
 933  053E
 934  053E              ; draw_sprite: draw B rows from (HL) at VRAM address in HL (outer), sprite in HL (inner)
 935  053E              ; On entry: HL=VRAM address (from calc_vram), HL also sprite pointer
 936  053E              ; Note: on entry HL = calc_vram result (VRAM address); sprite pointer passed separately
 937  053E              ; Actual call pattern: CALL calc_vram; LD HL,sprite_ptr; LD B,rows; CALL draw_sprite
 938  053E              ; HL = sprite data pointer. set_cursor uses DE as VRAM addr (set by calc_vram via EB).
 939  053E              draw_sprite:
 940  053E C5                           PUSH    BC
 941  053F CD 6B 05                     CALL    set_cursor
 942  0542 7E                           LD      A,(HL)
 943  0543 23                           INC     HL
 944  0544 CD 86 05                     CALL    write_byte
 945  0547 E5                           PUSH    HL
 946  0548 CD 50 05                     CALL    next_row
 947  054B E1                           POP     HL
 948  054C C1                           POP     BC
 949  054D 10 EF                        DJNZ    draw_sprite
 950  054F C9                           RET
 951  0550
 952  0550              ; next_row: advance DE (VRAM address) by 30 (one pixel row = 30 bytes wide)
 953  0550              ; On entry: DE = current VRAM address
 954  0550              ; On exit:  DE = address of next row (DE + 30)
 955  0550              next_row:
 956  0550 62                           LD      H,D
 957  0551 6B                           LD      L,E
 958  0552 11 1E 00                     LD      DE,001EH        ; 30 decimal
 959  0555 19                           ADD     HL,DE
 960  0556 EB                           EX      DE,HL
 961  0557 C9                           RET
 962  0558
 963  0558              ; calc_vram: calculate VRAM byte address from row A and column C
 964  0558              ; Formula: addr = C + (A * 30) ; because each row = 30 bytes
 965  0558              ; On entry: A=row (0-63), C=column (0-29)
 966  0558              ; On exit:  DE=VRAM address (0-1919)
 967  0558              ; Method: addr = C + A*30 = C + A*(32-2) = C + A*32 - A*2
 968  0558              ;         = C + (A<<5) - (A<<1)
 969  0558              ;         HL = A*1 = A; HL = A*2 (<<1); push; HL = A*4; *8; *16; *32;
 970  0558              ;         pop A*2; HL = A*32 - A*2 = A*30; add C -> HL = A*30+C
 971  0558              calc_vram:
 972  0558 6F                           LD      L,A             ; HL = A (row)
 973  0559 26 00                        LD      H,00H
 974  055B 29                           ADD     HL,HL           ; HL = A*2
 975  055C E5                           PUSH    HL              ; save A*2
 976  055D 29                           ADD     HL,HL           ; HL = A*4
 977  055E 29                           ADD     HL,HL           ; HL = A*8
 978  055F 29                           ADD     HL,HL           ; HL = A*16
 979  0560 29                           ADD     HL,HL           ; HL = A*32
 980  0561 D1                           POP     DE              ; DE = A*2
 981  0562 B7                           OR      A               ; clear carry
 982  0563 ED 52                        SBC     HL,DE           ; HL = A*30
 983  0565 59                           LD      E,C             ; E = col
 984  0566 16 00                        LD      D,00H
 985  0568 19                           ADD     HL,DE           ; HL = A*30 + col
 986  0569 EB                           EX      DE,HL           ; DE = VRAM address
 987  056A C9                           RET
 988  056B
 989  056B              ; set_cursor: set HD61830 cursor to VRAM address in DE
 990  056B              ; Commands: 0AH (set cursor low byte), 0BH (set cursor high byte)
 991  056B              ; LCD port 21H=command, 20H=data
 992  056B              set_cursor:
 993  056B CD 95 05                     CALL    wait_busy
 994  056E 3E 0A                        LD      A,0AH           ; Set Cursor Address (low)
 995  0570 D3 21                        OUT     (LCD_CMD),A
 996  0572 CD 95 05                     CALL    wait_busy
 997  0575 7B                           LD      A,E             ; low byte of address
 998  0576 D3 20                        OUT     (LCD_DATA),A
 999  0578 CD 95 05                     CALL    wait_busy
1000  057B 3E 0B                        LD      A,0BH           ; Set Cursor Address (high)
1001  057D D3 21                        OUT     (LCD_CMD),A
1002  057F CD 95 05                     CALL    wait_busy
1003  0582 7A                           LD      A,D             ; high byte of address
1004  0583 D3 20                        OUT     (LCD_DATA),A
1005  0585 C9                           RET
1006  0586
1007  0586              ; write_byte: write A to HD61830 display RAM at current cursor
1008  0586              ; Command: 0CH (Write Display RAM; cursor auto-increments)
1009  0586              write_byte:
1010  0586 F5                           PUSH    AF
1011  0587 CD 95 05                     CALL    wait_busy
1012  058A 3E 0C                        LD      A,0CH           ; Write Display RAM
1013  058C D3 21                        OUT     (LCD_CMD),A
1014  058E CD 95 05                     CALL    wait_busy
1015  0591 F1                           POP     AF
1016  0592 D3 20                        OUT     (LCD_DATA),A
1017  0594 C9                           RET
1018  0595
1019  0595              ; wait_busy: poll HD61830 status on port 21H until not busy
1020  0595              ; Bit 7 of status = busy flag (1=busy). RLCA shifts bit7 into carry.
1021  0595              wait_busy:
1022  0595 DB 21                        IN      A,(LCD_CMD)     ; read status
1023  0597 07                           RLCA                    ; bit7 -> carry
1024  0598 38 FB                        JR      C,wait_busy     ; carry set -> busy, loop
1025  059A C9                           RET
1026  059B
# file closed: DEFEND.asm
